\BOOKMARK [1][-]{section.1}{\376\377\000D\000a\000t\000a\000\040\000M\000i\000n\000i\000n\000g}{}% 1
\BOOKMARK [2][-]{subsection.1.1}{\376\377\000I\000n\000t\000r\000o\000d\000u\000c\000t\000i\000o\000n}{section.1}% 2
\BOOKMARK [2][-]{subsection.1.2}{\376\377\000C\000o\000n\000t\000e\000x\000t}{section.1}% 3
\BOOKMARK [2][-]{subsection.1.3}{\376\377\000C\000a\000n\000o\000n\000i\000c\000a\000l\000\040\000t\000a\000s\000k\000s\000\040\000i\000n\000\040\000d\000a\000t\000a\000\040\000m\000i\000n\000i\000n\000g}{section.1}% 4
\BOOKMARK [2][-]{subsection.1.4}{\376\377\000T\000h\000e\000\040\000d\000a\000t\000a\000\040\000m\000i\000n\000i\000n\000g\000\040\000p\000r\000o\000c\000e\000s\000s}{section.1}% 5
\BOOKMARK [2][-]{subsection.1.5}{\376\377\000E\000x\000p\000l\000o\000r\000a\000t\000i\000o\000n}{section.1}% 6
\BOOKMARK [2][-]{subsection.1.6}{\376\377\000P\000r\000e\000p\000r\000o\000c\000e\000s\000s\000i\000n\000g}{section.1}% 7
\BOOKMARK [2][-]{subsection.1.7}{\376\377\000S\000e\000g\000m\000e\000n\000t\000a\000t\000i\000o\000n}{section.1}% 8
\BOOKMARK [2][-]{subsection.1.8}{\376\377\000C\000l\000u\000s\000t\000e\000r\000i\000n\000g\000\040\000t\000e\000c\000h\000n\000i\000q\000u\000e\000s}{section.1}% 9
\BOOKMARK [3][-]{subsubsection.1.8.1}{\376\377\000H\000i\000e\000r\000a\000r\000c\000h\000i\000c\000a\000l\000\040\000C\000l\000u\000s\000t\000e\000r\000i\000n\000g}{subsection.1.8}% 10
\BOOKMARK [3][-]{subsubsection.1.8.2}{\376\377\000P\000a\000r\000t\000i\000t\000i\000o\000n\000\040\000m\000e\000t\000h\000o\000d\000s}{subsection.1.8}% 11
\BOOKMARK [3][-]{subsubsection.1.8.3}{\376\377\000D\000B\000S\000c\000a\000n}{subsection.1.8}% 12
\BOOKMARK [3][-]{subsubsection.1.8.4}{\376\377\000S\000h\000i\000f\000t\000\040\000m\000e\000a\000n}{subsection.1.8}% 13
\BOOKMARK [3][-]{subsubsection.1.8.5}{\376\377\000S\000e\000l\000f\000-\000o\000r\000g\000a\000n\000i\000z\000i\000n\000g\000\040\000m\000a\000p\000s}{subsection.1.8}% 14
\BOOKMARK [2][-]{subsection.1.9}{\376\377\000D\000a\000t\000a\000\040\000C\000l\000u\000s\000t\000e\000r\000i\000n\000g}{section.1}% 15
\BOOKMARK [2][-]{subsection.1.10}{\376\377\000A\000s\000s\000o\000c\000i\000a\000t\000i\000o\000n\000\040\000r\000u\000l\000e\000s}{section.1}% 16
\BOOKMARK [2][-]{subsection.1.11}{\376\377\000D\000i\000m\000e\000n\000s\000i\000o\000n\000a\000l\000i\000t\000y\000\040\000r\000e\000d\000u\000c\000t\000i\000o\000n}{section.1}% 17
\BOOKMARK [3][-]{subsubsection.1.11.1}{\376\377\000P\000C\000A}{subsection.1.11}% 18
\BOOKMARK [3][-]{subsubsection.1.11.2}{\376\377\000t\000-\000S\000N\000E}{subsection.1.11}% 19
\BOOKMARK [3][-]{subsubsection.1.11.3}{\376\377\000U\000M\000A\000P}{subsection.1.11}% 20
\BOOKMARK [1][-]{section.2}{\376\377\000P\000r\000o\000g\000r\000a\000m\000m\000i\000n\000g}{}% 21
\BOOKMARK [2][-]{subsection.2.1}{\376\377\000I\000n\000t\000r\000o\000d\000u\000c\000t\000i\000o\000n\000\040\000t\000o\000\040\000P\000y\000t\000h\000o\000n\000\040\000a\000n\000d\000\040\000c\000o\000m\000p\000u\000t\000e\000r\000s}{section.2}% 22
\BOOKMARK [2][-]{subsection.2.2}{\376\377\000S\000e\000m\000a\000n\000t\000i\000c\000s\000,\000\040\000d\000a\000t\000a\000t\000y\000p\000e\000s\000,\000\040\000f\000l\000o\000w\000\040\000c\000o\000n\000t\000r\000o\000l\000s\000\040\000a\000n\000d\000\040\000s\000t\000r\000u\000c\000t\000u\000r\000e\000s}{section.2}% 23
\BOOKMARK [2][-]{subsection.2.3}{\376\377\000F\000u\000n\000c\000t\000i\000o\000n\000s\000,\000\040\000i\000m\000p\000o\000r\000t\000s\000\040\000a\000n\000d\000\040\000n\000a\000m\000e\000s\000p\000a\000c\000e}{section.2}% 24
\BOOKMARK [2][-]{subsection.2.4}{\376\377\000P\000a\000n\000d\000a\000s\000,\000\040\000S\000e\000r\000i\000e\000s\000,\000\040\000D\000a\000t\000a\000f\000r\000a\000m\000e\000s\000\040\000a\000n\000d\000\040\000s\000e\000l\000e\000c\000t\000i\000o\000n}{section.2}% 25
\BOOKMARK [2][-]{subsection.2.5}{\376\377\000M\000e\000t\000h\000o\000d\000s\000\040\000t\000o\000\040\000m\000o\000d\000i\000f\000y\000\040\000v\000i\000e\000w\000s\000\040\000a\000n\000d\000\040\000d\000a\000t\000a}{section.2}% 26
\BOOKMARK [2][-]{subsection.2.6}{\376\377\000N\000u\000m\000p\000y}{section.2}% 27
\BOOKMARK [1][-]{section.3}{\376\377\000M\000a\000c\000h\000i\000n\000e\000\040\000L\000e\000a\000r\000n\000i\000n\000g}{}% 28
\BOOKMARK [2][-]{subsection.3.1}{\376\377\000I\000n\000t\000r\000o\000d\000u\000c\000t\000i\000o\000n}{section.3}% 29
\BOOKMARK [2][-]{subsection.3.2}{\376\377\000M\000a\000c\000h\000i\000n\000e\000\040\000L\000e\000a\000r\000n\000i\000n\000g\000\040\000t\000r\000i\000b\000e\000s}{section.3}% 30
\BOOKMARK [2][-]{subsection.3.3}{\376\377\000F\000e\000a\000t\000u\000r\000e\000\040\000S\000e\000l\000e\000c\000t\000i\000o\000n}{section.3}% 31
\BOOKMARK [2][-]{subsection.3.4}{\376\377\000L\000i\000n\000e\000a\000r\000\040\000a\000n\000d\000\040\000L\000o\000g\000i\000s\000t\000i\000c\000\040\000R\000e\000g\000r\000e\000s\000s\000i\000o\000n}{section.3}% 32
\BOOKMARK [2][-]{subsection.3.5}{\376\377\000M\000o\000d\000e\000l\000\040\000S\000e\000l\000e\000c\000t\000i\000o\000n\000\040\000a\000n\000d\000\040\000A\000s\000s\000e\000s\000s\000m\000e\000n\000t}{section.3}% 33
\BOOKMARK [2][-]{subsection.3.6}{\376\377\000B\000a\000y\000e\000s\000i\000a\000n\000s\000\040\000c\000l\000a\000s\000s\000i\000f\000i\000e\000r\000s}{section.3}% 34
\BOOKMARK [2][-]{subsection.3.7}{\376\377\000I\000n\000s\000t\000a\000n\000c\000e\000\040\000b\000a\000s\000e\000d\000\040\000l\000e\000a\000r\000n\000i\000n\000g}{section.3}% 35
\BOOKMARK [2][-]{subsection.3.8}{\376\377\000N\000e\000u\000r\000a\000l\000\040\000N\000e\000t\000w\000o\000r\000k\000s}{section.3}% 36
\BOOKMARK [2][-]{subsection.3.9}{\376\377\000D\000e\000c\000i\000s\000i\000o\000n\000\040\000T\000r\000e\000e\000s}{section.3}% 37
\BOOKMARK [2][-]{subsection.3.10}{\376\377\000E\000n\000s\000e\000m\000b\000l\000e\000\040\000L\000e\000a\000r\000n\000i\000n\000g}{section.3}% 38
\BOOKMARK [2][-]{subsection.3.11}{\376\377\000S\000V\000M}{section.3}% 39
\BOOKMARK [1][-]{section.4}{\376\377\000S\000t\000a\000t\000i\000s\000t\000i\000c\000\040\000f\000o\000r\000\040\000d\000a\000t\000a\000\040\000s\000c\000i\000e\000n\000c\000e}{}% 40
\BOOKMARK [2][-]{subsection.4.1}{\376\377\000D\000a\000t\000a\000\040\000e\000x\000p\000l\000o\000r\000a\000t\000i\000o\000n\000\040\000a\000n\000d\000\040\000b\000a\000s\000i\000c\000\040\000c\000o\000n\000c\000e\000p\000t\000s}{section.4}% 41
\BOOKMARK [3][-]{subsubsection.4.1.1}{\376\377\000P\000r\000e\000l\000i\000m\000i\000n\000a\000r\000y\000\040\000c\000o\000n\000c\000e\000p\000t\000s}{subsection.4.1}% 42
\BOOKMARK [3][-]{subsubsection.4.1.2}{\376\377\000D\000e\000s\000c\000r\000i\000b\000i\000n\000g\000\040\000a\000n\000d\000\040\000v\000i\000s\000u\000a\000l\000i\000z\000i\000n\000g\000\040\000d\000a\000t\000a}{subsection.4.1}% 43
\BOOKMARK [2][-]{subsection.4.2}{\376\377\000S\000t\000a\000t\000i\000s\000t\000i\000c\000a\000l\000\040\000D\000i\000s\000t\000r\000i\000b\000u\000t\000i\000o\000n\000s}{section.4}% 44
\BOOKMARK [3][-]{subsubsection.4.2.1}{\376\377\000M\000o\000t\000i\000v\000a\000t\000i\000o\000n\000s\000\040\000a\000n\000d\000\040\000i\000m\000p\000o\000r\000t\000a\000n\000t\000\040\000c\000o\000n\000c\000e\000p\000t\000s}{subsection.4.2}% 45
\BOOKMARK [3][-]{subsubsection.4.2.2}{\376\377\000D\000i\000s\000c\000r\000e\000t\000e\000\040\000d\000i\000s\000t\000r\000i\000b\000u\000t\000i\000o\000n\000s}{subsection.4.2}% 46
\BOOKMARK [3][-]{subsubsection.4.2.3}{\376\377\000C\000o\000n\000t\000i\000n\000u\000o\000u\000s\000\040\000d\000i\000s\000t\000r\000i\000b\000u\000t\000i\000o\000n\000s}{subsection.4.2}% 47
\BOOKMARK [2][-]{subsection.4.3}{\376\377\000P\000o\000i\000n\000t\000\040\000e\000s\000t\000i\000m\000a\000t\000i\000o\000n\000,\000\040\000h\000y\000p\000o\000t\000h\000e\000s\000i\000s\000\040\000t\000e\000s\000t\000i\000n\000g\000\040\000a\000n\000d\000\040\000c\000o\000n\000f\000i\000d\000e\000n\000c\000e\000\040\000i\000n\000t\000e\000r\000v\000a\000l\000s}{section.4}% 48
\BOOKMARK [3][-]{subsubsection.4.3.1}{\376\377\000P\000o\000i\000n\000t\000\040\000e\000s\000t\000i\000m\000a\000t\000i\000o\000n}{subsection.4.3}% 49
\BOOKMARK [3][-]{subsubsection.4.3.2}{\376\377\000H\000y\000p\000o\000t\000h\000e\000s\000i\000s\000\040\000T\000e\000s\000t\000i\000n\000g}{subsection.4.3}% 50
\BOOKMARK [3][-]{subsubsection.4.3.3}{\376\377\000I\000n\000f\000e\000r\000e\000n\000c\000e\000\040\000f\000o\000r\000\040\000t\000w\000o\000\040\000s\000a\000m\000p\000l\000e\000s}{subsection.4.3}% 51
\BOOKMARK [3][-]{subsubsection.4.3.4}{\376\377\000C\000o\000n\000f\000i\000d\000e\000n\000c\000e\000\040\000I\000n\000t\000e\000r\000v\000a\000l\000s}{subsection.4.3}% 52
\BOOKMARK [2][-]{subsection.4.4}{\376\377\000L\000i\000n\000e\000a\000r\000\040\000r\000e\000g\000r\000e\000s\000s\000i\000o\000n\000\040\000m\000o\000d\000e\000l}{section.4}% 53
\BOOKMARK [3][-]{subsubsection.4.4.1}{\376\377\000I\000n\000t\000r\000o\000d\000u\000c\000t\000i\000o\000n}{subsection.4.4}% 54
\BOOKMARK [3][-]{subsubsection.4.4.2}{\376\377\000S\000i\000m\000p\000l\000e\000\040\000L\000i\000n\000e\000a\000r\000\040\000R\000e\000g\000r\000e\000s\000s\000i\000o\000n\000\040\000M\000o\000d\000e\000l}{subsection.4.4}% 55
\BOOKMARK [3][-]{subsubsection.4.4.3}{\376\377\000M\000u\000l\000t\000i\000p\000l\000e\000\040\000L\000i\000n\000e\000a\000r\000\040\000R\000e\000g\000r\000e\000s\000s\000i\000o\000n\000\040\000M\000o\000d\000e\000l}{subsection.4.4}% 56
\BOOKMARK [3][-]{subsubsection.4.4.4}{\376\377\000I\000n\000t\000r\000o\000d\000u\000c\000t\000i\000o\000n\000\040\000t\000o\000\040\000i\000n\000f\000e\000r\000e\000n\000c\000e}{subsection.4.4}% 57
\BOOKMARK [3][-]{subsubsection.4.4.5}{\376\377\000T\000h\000e\000\040\000t\000-\000T\000e\000s\000t}{subsection.4.4}% 58
\BOOKMARK [3][-]{subsubsection.4.4.6}{\376\377\000T\000h\000e\000\040\000F\000-\000t\000e\000s\000t}{subsection.4.4}% 59
\BOOKMARK [3][-]{subsubsection.4.4.7}{\376\377\000H\000e\000t\000e\000r\000o\000s\000k\000e\000d\000a\000s\000t\000i\000c\000i\000t\000y}{subsection.4.4}% 60
\BOOKMARK [3][-]{subsubsection.4.4.8}{\376\377\000A\000s\000y\000m\000p\000t\000o\000t\000i\000c\000\040\000P\000r\000o\000p\000e\000r\000t\000i\000e\000s\000\040\000o\000f\000\040\000t\000h\000e\000\040\000O\000L\000S}{subsection.4.4}% 61
\BOOKMARK [3][-]{subsubsection.4.4.9}{\376\377\000R\000E\000S\000E\000T\000\040\000T\000e\000s\000t}{subsection.4.4}% 62
\BOOKMARK [3][-]{subsubsection.4.4.10}{\376\377\000M\000u\000l\000t\000i\000p\000l\000e\000\040\000R\000e\000g\000r\000e\000s\000s\000i\000o\000n\000\040\000A\000n\000a\000l\000y\000s\000i\000s\000\040\000w\000i\000t\000h\000\040\000Q\000u\000a\000l\000i\000t\000a\000t\000i\000v\000e\000\040\000I\000n\000f\000o\000r\000m\000a\000t\000i\000o\000n}{subsection.4.4}% 63
\BOOKMARK [2][-]{subsection.4.5}{\376\377\000P\000a\000n\000e\000l\000\040\000D\000a\000t\000a}{section.4}% 64
\BOOKMARK [3][-]{subsubsection.4.5.1}{\376\377\000M\000o\000t\000i\000v\000a\000t\000i\000o\000n\000s}{subsection.4.5}% 65
\BOOKMARK [3][-]{subsubsection.4.5.2}{\376\377\000E\000s\000t\000i\000m\000a\000t\000o\000r\000s}{subsection.4.5}% 66
\BOOKMARK [3][-]{subsubsection.4.5.3}{\376\377\000H\000a\000u\000s\000m\000a\000n\000\040\000T\000e\000s\000t}{subsection.4.5}% 67
\BOOKMARK [2][-]{subsection.4.6}{\376\377\000C\000a\000u\000s\000a\000l\000\040\000i\000n\000f\000e\000r\000e\000n\000c\000e}{section.4}% 68
\BOOKMARK [3][-]{subsubsection.4.6.1}{\376\377\000M\000o\000t\000i\000v\000a\000t\000i\000o\000n}{subsection.4.6}% 69
\BOOKMARK [3][-]{subsubsection.4.6.2}{\376\377\000P\000o\000t\000e\000n\000t\000i\000a\000l\000\040\000o\000u\000t\000c\000o\000m\000e\000s}{subsection.4.6}% 70
\BOOKMARK [3][-]{subsubsection.4.6.3}{\376\377\000D\000A\000G\000s}{subsection.4.6}% 71
\BOOKMARK [3][-]{subsubsection.4.6.4}{\376\377\000I\000n\000s\000t\000r\000u\000m\000e\000n\000t\000a\000l\000\040\000v\000a\000r\000i\000a\000b\000l\000e\000s}{subsection.4.6}% 72
\BOOKMARK [3][-]{subsubsection.4.6.5}{\376\377\000D\000i\000f\000f\000e\000r\000e\000n\000c\000e\000-\000i\000n\000-\000d\000i\000f\000f\000e\000r\000e\000n\000c\000e}{subsection.4.6}% 73
\BOOKMARK [3][-]{subsubsection.4.6.6}{\376\377\000A\000d\000v\000a\000n\000c\000e\000d\000\040\000t\000o\000p\000i\000c\000s}{subsection.4.6}% 74
\BOOKMARK [1][-]{section.5}{\376\377\000D\000a\000t\000a\000b\000a\000s\000e}{}% 75
\BOOKMARK [2][-]{subsection.5.1}{\376\377\000I\000n\000t\000r\000o\000d\000u\000c\000t\000i\000o\000n}{section.5}% 76
\BOOKMARK [3][-]{subsubsection.5.1.1}{\376\377\000W\000h\000a\000t\000\040\000i\000s\000\040\000a\000\040\000d\000a\000t\000a\000b\000a\000s\000e}{subsection.5.1}% 77
\BOOKMARK [3][-]{subsubsection.5.1.2}{\376\377\000C\000o\000n\000c\000e\000p\000t\000u\000a\000l\000\040\000M\000o\000d\000e\000l\000l\000i\000n\000g\000\040\000o\000f\000\040\000a\000\040\000d\000a\000t\000a\000b\000a\000s\000e}{subsection.5.1}% 78
\BOOKMARK [3][-]{subsubsection.5.1.3}{\376\377\000N\000o\000r\000m\000a\000l\000i\000z\000a\000t\000i\000o\000n}{subsection.5.1}% 79
\BOOKMARK [2][-]{subsection.5.2}{\376\377\000D\000a\000t\000a\000b\000a\000s\000e\000\040\000m\000o\000d\000e\000l\000l\000i\000n\000g}{section.5}% 80
\BOOKMARK [3][-]{subsubsection.5.2.1}{\376\377\000A\000r\000c\000h\000i\000t\000e\000c\000t\000u\000r\000e}{subsection.5.2}% 81
\BOOKMARK [3][-]{subsubsection.5.2.2}{\376\377\000E\000R\000D}{subsection.5.2}% 82
\BOOKMARK [3][-]{subsubsection.5.2.3}{\376\377\000F\000r\000o\000m\000\040\000E\000R\000D\000\040\000t\000o\000\040\000t\000a\000b\000l\000e\000s}{subsection.5.2}% 83
\BOOKMARK [2][-]{subsection.5.3}{\376\377\000S\000Q\000L}{section.5}% 84
\BOOKMARK [3][-]{subsubsection.5.3.1}{\376\377\000W\000h\000a\000t\000\040\000i\000s\000\040\000S\000Q\000L}{subsection.5.3}% 85
\BOOKMARK [3][-]{subsubsection.5.3.2}{\376\377\000C\000r\000e\000a\000t\000e\000\040\000a\000\040\000d\000a\000t\000a\000b\000a\000s\000e}{subsection.5.3}% 86
\BOOKMARK [3][-]{subsubsection.5.3.3}{\376\377\000C\000r\000e\000a\000t\000e\000\040\000t\000a\000b\000l\000e\000s}{subsection.5.3}% 87
\BOOKMARK [3][-]{subsubsection.5.3.4}{\376\377\000C\000R\000U\000D\000\040\000o\000p\000e\000r\000a\000t\000i\000o\000n\000s}{subsection.5.3}% 88
\BOOKMARK [3][-]{subsubsection.5.3.5}{\376\377\000S\000Q\000L\000\040\000c\000l\000a\000u\000s\000e\000s\000\040\000a\000n\000d\000\040\000o\000p\000e\000r\000a\000t\000o\000r\000s}{subsection.5.3}% 89
\BOOKMARK [3][-]{subsubsection.5.3.6}{\376\377\000S\000Q\000L\000\040\000j\000o\000i\000n\000s}{subsection.5.3}% 90
\BOOKMARK [3][-]{subsubsection.5.3.7}{\376\377\000F\000u\000n\000c\000t\000i\000o\000n\000s}{subsection.5.3}% 91
\BOOKMARK [3][-]{subsubsection.5.3.8}{\376\377\000G\000r\000o\000u\000p\000\040\000B\000y}{subsection.5.3}% 92
\BOOKMARK [3][-]{subsubsection.5.3.9}{\376\377\000H\000a\000v\000i\000n\000g}{subsection.5.3}% 93
\BOOKMARK [3][-]{subsubsection.5.3.10}{\376\377\000V\000i\000e\000w\000s}{subsection.5.3}% 94
\BOOKMARK [3][-]{subsubsection.5.3.11}{\376\377\000T\000r\000i\000g\000g\000e\000r\000s}{subsection.5.3}% 95
\BOOKMARK [2][-]{subsection.5.4}{\376\377\000Q\000u\000e\000r\000y\000\040\000O\000p\000t\000i\000m\000i\000z\000a\000t\000i\000o\000n}{section.5}% 96
\BOOKMARK [3][-]{subsubsection.5.4.1}{\376\377\000T\000h\000e\000\040\000p\000r\000o\000b\000l\000e\000m}{subsection.5.4}% 97
\BOOKMARK [3][-]{subsubsection.5.4.2}{\376\377\000E\000X\000P\000L\000A\000I\000N}{subsection.5.4}% 98
\BOOKMARK [3][-]{subsubsection.5.4.3}{\376\377\000I\000n\000d\000e\000x\000e\000s}{subsection.5.4}% 99
\BOOKMARK [3][-]{subsubsection.5.4.4}{\376\377\000D\000a\000t\000a\000\040\000t\000y\000p\000e\000s}{subsection.5.4}% 100
\BOOKMARK [3][-]{subsubsection.5.4.5}{\376\377\000T\000i\000p\000s}{subsection.5.4}% 101
\BOOKMARK [2][-]{subsection.5.5}{\376\377\000C\000A\000P\000\040\000t\000h\000e\000o\000r\000e\000m\000\040\000a\000n\000d\000\040\000N\000O\000S\000Q\000L\000\040\000d\000a\000t\000a\000b\000a\000s\000e\000s}{section.5}% 102
\BOOKMARK [3][-]{subsubsection.5.5.1}{\376\377\000A\000C\000I\000D\000\040\000p\000r\000o\000p\000e\000r\000t\000i\000e\000s}{subsection.5.5}% 103
\BOOKMARK [3][-]{subsubsection.5.5.2}{\376\377\000N\000O\000S\000Q\000L}{subsection.5.5}% 104
\BOOKMARK [3][-]{subsubsection.5.5.3}{\376\377\000C\000A\000P\000\040\000t\000h\000e\000o\000r\000e\000m}{subsection.5.5}% 105
\BOOKMARK [1][-]{section.6}{\376\377\000E\000t\000h\000i\000c\000s\000\040\000f\000o\000r\000\040\000d\000a\000t\000a\000\040\000s\000c\000i\000e\000n\000c\000e}{}% 106
\BOOKMARK [2][-]{subsection.6.1}{\376\377\000I\000n\000t\000r\000o\000d\000u\000c\000t\000i\000o\000n}{section.6}% 107
\BOOKMARK [3][-]{subsubsection.6.1.1}{\376\377\000L\000a\000w\000,\000\040\000m\000o\000r\000a\000l\000\040\000a\000n\000d\000\040\000e\000t\000h\000i\000c\000s}{subsection.6.1}% 108
\BOOKMARK [3][-]{subsubsection.6.1.2}{\376\377\000W\000h\000a\000t\000\040\000i\000s\000\040\000e\000t\000h\000i\000c\000s}{subsection.6.1}% 109
\BOOKMARK [3][-]{subsubsection.6.1.3}{\376\377\000E\000t\000h\000i\000c\000a\000l\000\040\000d\000i\000l\000e\000m\000m\000a\000s}{subsection.6.1}% 110
\BOOKMARK [2][-]{subsection.6.2}{\376\377\000H\000i\000s\000t\000o\000r\000y\000\040\000o\000f\000\040\000d\000a\000t\000a\000\040\000e\000t\000h\000i\000c\000s}{section.6}% 111
\BOOKMARK [2][-]{subsection.6.3}{\376\377\000B\000a\000s\000i\000c\000s\000\040\000o\000f\000\040\000o\000r\000g\000a\000n\000i\000z\000a\000t\000i\000o\000n\000a\000l\000\040\000e\000t\000h\000i\000c\000s}{section.6}% 112
\BOOKMARK [3][-]{subsubsection.6.3.1}{\376\377\000P\000r\000i\000v\000a\000c\000y\000\040\000a\000n\000d\000\040\000c\000o\000n\000f\000i\000d\000e\000n\000t\000i\000a\000l\000i\000t\000y}{subsection.6.3}% 113
\BOOKMARK [3][-]{subsubsection.6.3.2}{\376\377\000B\000i\000a\000s\000\040\000a\000n\000d\000\040\000f\000a\000i\000r\000n\000e\000s\000s\000\040\000i\000n\000\040\000s\000t\000a\000t\000i\000s\000t\000i\000c\000a\000l\000\040\000m\000o\000d\000e\000l\000s}{subsection.6.3}% 114
\BOOKMARK [3][-]{subsubsection.6.3.3}{\376\377\000D\000a\000t\000a\000\040\000s\000h\000a\000r\000i\000n\000g\000\040\000a\000n\000d\000\040\000c\000o\000l\000l\000a\000b\000o\000r\000a\000t\000i\000o\000n}{subsection.6.3}% 115
\BOOKMARK [3][-]{subsubsection.6.3.4}{\376\377\000R\000e\000s\000p\000o\000n\000s\000i\000b\000l\000e\000\040\000u\000s\000e\000\040\000o\000f\000\040\000p\000r\000e\000d\000i\000c\000t\000i\000v\000e\000\040\000a\000n\000a\000l\000y\000t\000i\000c\000s\000\040\000a\000n\000d\000\040\000m\000a\000c\000h\000i\000n\000e\000\040\000l\000e\000a\000r\000n\000i\000n\000g}{subsection.6.3}% 116
\BOOKMARK [3][-]{subsubsection.6.3.5}{\376\377\000T\000r\000a\000n\000s\000p\000a\000r\000e\000n\000c\000y\000\040\000a\000n\000d\000\040\000a\000c\000c\000o\000u\000n\000t\000a\000b\000i\000l\000i\000t\000y}{subsection.6.3}% 117
\BOOKMARK [3][-]{subsubsection.6.3.6}{\376\377\000E\000t\000h\000i\000c\000a\000l\000\040\000d\000e\000c\000i\000s\000i\000o\000n\000-\000m\000a\000k\000i\000n\000g\000\040\000p\000r\000o\000c\000e\000s\000s}{subsection.6.3}% 118
\BOOKMARK [3][-]{subsubsection.6.3.7}{\376\377\000P\000r\000o\000m\000o\000t\000i\000n\000g\000\040\000e\000t\000h\000i\000c\000a\000l\000\040\000c\000u\000l\000t\000u\000r\000e}{subsection.6.3}% 119
\BOOKMARK [3][-]{subsubsection.6.3.8}{\376\377\000E\000t\000h\000i\000c\000a\000l\000\040\000l\000e\000a\000d\000e\000r\000s\000h\000i\000p}{subsection.6.3}% 120
\BOOKMARK [2][-]{subsection.6.4}{\376\377\000T\000h\000e\000r\000a\000n\000o\000s\000\040\000\046\000\040\000B\000l\000a\000c\000k\000\040\000M\000i\000r\000r\000o\000r}{section.6}% 121
\BOOKMARK [1][-]{section.7}{\376\377\000C\000o\000m\000p\000u\000t\000a\000t\000i\000o\000n\000a\000l\000\040\000i\000n\000t\000e\000l\000l\000i\000g\000e\000n\000c\000e}{}% 122
\BOOKMARK [2][-]{subsection.7.1}{\376\377\000I\000n\000t\000r\000o\000d\000u\000c\000t\000i\000o\000n}{section.7}% 123
\BOOKMARK [2][-]{subsection.7.2}{\376\377\000O\000p\000t\000i\000m\000i\000z\000a\000t\000i\000o\000n\000\040\000a\000l\000g\000o\000r\000i\000t\000h\000m\000s}{section.7}% 124
\BOOKMARK [2][-]{subsection.7.3}{\376\377\000F\000i\000t\000n\000e\000s\000s\000\040\000l\000a\000n\000d\000s\000c\000a\000p\000e}{section.7}% 125
\BOOKMARK [2][-]{subsection.7.4}{\376\377\000A\000n\000n\000e\000a\000l\000i\000n\000g}{section.7}% 126
\BOOKMARK [2][-]{subsection.7.5}{\376\377\000P\000r\000a\000c\000t\000i\000c\000a\000l\000\040\000a\000p\000p\000l\000i\000c\000a\000t\000i\000o\000n\000s\000\040\000o\000f\000\040\000H\000i\000l\000l\000\040\000c\000l\000i\000m\000b\000i\000n\000g}{section.7}% 127
\BOOKMARK [2][-]{subsection.7.6}{\376\377\000S\000i\000m\000u\000l\000a\000t\000e\000d\000\040\000a\000n\000n\000e\000a\000l\000i\000n\000g}{section.7}% 128
\BOOKMARK [2][-]{subsection.7.7}{\376\377\000G\000e\000n\000e\000t\000i\000c\000\040\000a\000l\000g\000o\000r\000i\000t\000h\000m\000s}{section.7}% 129
\BOOKMARK [2][-]{subsection.7.8}{\376\377\000A\000g\000a\000i\000n\000\040\000G\000e\000n\000e\000t\000i\000c\000\040\000a\000l\000g\000o\000r\000i\000t\000h\000m\000s}{section.7}% 130
\BOOKMARK [3][-]{subsubsection.7.8.1}{\376\377\000F\000i\000t\000n\000e\000s\000s\000\040\000p\000r\000o\000p\000o\000r\000t\000i\000o\000n\000a\000t\000e\000\040\000s\000e\000l\000e\000c\000t\000i\000o\000n}{subsection.7.8}% 131
\BOOKMARK [3][-]{subsubsection.7.8.2}{\376\377\000R\000a\000n\000k\000i\000n\000g\000\040\000s\000e\000l\000e\000c\000t\000i\000o\000n}{subsection.7.8}% 132
\BOOKMARK [3][-]{subsubsection.7.8.3}{\376\377\000T\000o\000u\000r\000n\000a\000m\000e\000n\000t\000\040\000s\000e\000l\000e\000c\000t\000i\000o\000n}{subsection.7.8}% 133
\BOOKMARK [2][-]{subsection.7.9}{\376\377\000C\000r\000o\000s\000s\000o\000v\000e\000r\000\040\000a\000n\000d\000\040\000m\000u\000t\000a\000t\000i\000o\000n}{section.7}% 134
\BOOKMARK [3][-]{subsubsection.7.9.1}{\376\377\000C\000r\000o\000s\000s\000o\000v\000e\000r}{subsection.7.9}% 135
\BOOKMARK [3][-]{subsubsection.7.9.2}{\376\377\000M\000u\000t\000a\000t\000i\000o\000n}{subsection.7.9}% 136
\BOOKMARK [3][-]{subsubsection.7.9.3}{\376\377\000G\000e\000n\000e\000r\000a\000l\000\040\000f\000u\000n\000c\000t\000i\000o\000n\000\040\000o\000f\000\040\000g\000e\000n\000e\000t\000i\000c\000\040\000a\000l\000g\000o\000r\000i\000t\000h\000m\000s}{subsection.7.9}% 137
\BOOKMARK [3][-]{subsubsection.7.9.4}{\376\377\000H\000y\000p\000e\000r\000p\000a\000r\000a\000m\000e\000t\000e\000r\000s\000\040\000o\000f\000\040\000g\000e\000n\000e\000t\000i\000c\000\040\000a\000l\000g\000o\000r\000i\000t\000h\000m\000s}{subsection.7.9}% 138
\BOOKMARK [2][-]{subsection.7.10}{\376\377\000W\000h\000y\000\040\000g\000e\000n\000e\000t\000i\000c\000\040\000a\000l\000g\000o\000r\000i\000t\000h\000m\000s\000\040\000w\000o\000r\000k}{section.7}% 139
\BOOKMARK [3][-]{subsubsection.7.10.1}{\376\377\000E\000f\000f\000e\000c\000t\000\040\000o\000f\000\040\000s\000e\000l\000e\000c\000t\000i\000o\000n\000\040\000o\000n\000\040\000s\000c\000h\000e\000m\000a\000t\000a}{subsection.7.10}% 140
\BOOKMARK [3][-]{subsubsection.7.10.2}{\376\377\000E\000f\000f\000e\000c\000t\000\040\000o\000f\000\040\000c\000r\000o\000s\000s\000o\000v\000e\000r\000\040\000o\000n\000\040\000s\000c\000h\000e\000m\000a\000t\000a}{subsection.7.10}% 141
\BOOKMARK [3][-]{subsubsection.7.10.3}{\376\377\000C\000o\000m\000b\000i\000n\000e\000d\000\040\000e\000f\000f\000e\000c\000t\000\040\000o\000f\000\040\000s\000e\000l\000e\000c\000t\000i\000o\000n\000\040\000a\000n\000d\000\040\000c\000r\000o\000s\000s\000o\000v\000e\000r}{subsection.7.10}% 142
\BOOKMARK [3][-]{subsubsection.7.10.4}{\376\377\000E\000f\000f\000e\000c\000t\000\040\000o\000f\000\040\000m\000u\000t\000a\000t\000i\000o\000n}{subsection.7.10}% 143
\BOOKMARK [3][-]{subsubsection.7.10.5}{\376\377\000B\000u\000i\000l\000d\000i\000n\000g\000\040\000b\000l\000o\000c\000k\000s\000'\000\040\000h\000y\000p\000o\000t\000h\000e\000s\000i\000s}{subsection.7.10}% 144
\BOOKMARK [3][-]{subsubsection.7.10.6}{\376\377\000K\000-\000a\000r\000m\000e\000d\000\040\000b\000a\000n\000d\000i\000t\000\040\000p\000r\000o\000b\000l\000e\000m}{subsection.7.10}% 145
\BOOKMARK [2][-]{subsection.7.11}{\376\377\000P\000r\000o\000b\000l\000e\000m\000s\000\040\000w\000i\000t\000h\000\040\000g\000e\000n\000e\000t\000i\000c\000\040\000a\000l\000g\000o\000r\000i\000t\000h\000m\000s}{section.7}% 146
\BOOKMARK [3][-]{subsubsection.7.11.1}{\376\377\000P\000r\000e\000m\000a\000t\000u\000r\000e\000\040\000c\000o\000n\000v\000e\000r\000g\000e\000n\000c\000e}{subsection.7.11}% 147
\BOOKMARK [3][-]{subsubsection.7.11.2}{\376\377\000P\000o\000s\000i\000t\000i\000o\000n\000\040\000p\000r\000o\000b\000l\000e\000m}{subsection.7.11}% 148
\BOOKMARK [2][-]{subsection.7.12}{\376\377\000M\000u\000l\000t\000i\000-\000o\000b\000j\000e\000c\000t\000i\000v\000e\000\040\000o\000p\000t\000i\000m\000i\000z\000a\000t\000i\000o\000n}{section.7}% 149
\BOOKMARK [2][-]{subsection.7.13}{\376\377\000C\000o\000n\000t\000i\000n\000u\000o\000u\000s\000\040\000o\000p\000t\000i\000m\000i\000z\000a\000t\000i\000o\000n}{section.7}% 150
\BOOKMARK [3][-]{subsubsection.7.13.1}{\376\377\000G\000e\000o\000m\000e\000t\000r\000i\000c\000\040\000c\000r\000o\000s\000s\000o\000v\000e\000r}{subsection.7.13}% 151
\BOOKMARK [3][-]{subsubsection.7.13.2}{\376\377\000G\000e\000o\000m\000e\000t\000r\000i\000c\000\040\000m\000u\000t\000a\000t\000i\000o\000n}{subsection.7.13}% 152
\BOOKMARK [2][-]{subsection.7.14}{\376\377\000P\000a\000r\000t\000i\000c\000l\000e\000\040\000S\000w\000a\000r\000m\000\040\000O\000p\000t\000i\000m\000i\000z\000a\000t\000i\000o\000n}{section.7}% 153
\BOOKMARK [1][-]{section.8}{\376\377\000B\000i\000g\000\040\000d\000a\000t\000a\000\040\000a\000n\000a\000l\000y\000t\000i\000c\000s}{}% 154
\BOOKMARK [2][-]{subsection.8.1}{\376\377\000I\000n\000t\000r\000o\000d\000u\000c\000t\000i\000o\000n}{section.8}% 155
\BOOKMARK [3][-]{subsubsection.8.1.1}{\376\377\000W\000h\000a\000t\000\040\000i\000s\000\040\000B\000i\000g\000\040\000d\000a\000t\000a}{subsection.8.1}% 156
\BOOKMARK [3][-]{subsubsection.8.1.2}{\376\377\000D\000a\000t\000a\000\040\000s\000o\000u\000r\000c\000e\000s}{subsection.8.1}% 157
\BOOKMARK [3][-]{subsubsection.8.1.3}{\376\377\000T\000h\000e\000\040\000V\000s\000\040\000o\000f\000\040\000B\000i\000g\000\040\000d\000a\000t\000a}{subsection.8.1}% 158
\BOOKMARK [3][-]{subsubsection.8.1.4}{\376\377\000T\000h\000e\000\040\000B\000i\000g\000\040\000d\000a\000t\000a\000\040\000e\000c\000o\000s\000y\000s\000t\000e\000m}{subsection.8.1}% 159
\BOOKMARK [3][-]{subsubsection.8.1.5}{\376\377\000A\000p\000p\000l\000i\000c\000a\000t\000i\000o\000n\000s\000\040\000o\000f\000\040\000B\000i\000g\000\040\000d\000a\000t\000a}{subsection.8.1}% 160
\BOOKMARK [2][-]{subsection.8.2}{\376\377\000D\000i\000s\000t\000r\000i\000b\000u\000t\000e\000d\000\040\000s\000t\000o\000r\000a\000g\000e\000,\000\040\000e\000c\000o\000s\000y\000s\000t\000e\000m\000s\000\040\000a\000n\000d\000\040\000p\000r\000o\000g\000r\000a\000m\000m\000i\000n\000g\000\040\000p\000a\000r\000a\000d\000i\000g\000m\000s}{section.8}% 161
\BOOKMARK [3][-]{subsubsection.8.2.1}{\376\377\000D\000i\000s\000t\000r\000i\000b\000u\000t\000e\000d\000\040\000s\000t\000o\000r\000a\000g\000e\000\040\000a\000n\000d\000\040\000f\000i\000l\000e\000\040\000s\000y\000s\000t\000e\000m\000s}{subsection.8.2}% 162
\BOOKMARK [3][-]{subsubsection.8.2.2}{\376\377\000D\000i\000s\000t\000r\000i\000b\000u\000t\000e\000d\000\040\000c\000o\000m\000p\000u\000t\000i\000n\000g\000\040\000m\000o\000d\000e\000l\000s}{subsection.8.2}% 163
\BOOKMARK [3][-]{subsubsection.8.2.3}{\376\377\000T\000h\000e\000\040\000b\000i\000g\000\040\000d\000a\000t\000a\000\040\000e\000c\000o\000s\000y\000s\000t\000e\000m}{subsection.8.2}% 164
\BOOKMARK [3][-]{subsubsection.8.2.4}{\376\377\000P\000r\000o\000g\000r\000a\000m\000m\000i\000n\000g\000\040\000p\000a\000r\000a\000d\000i\000g\000m\000s}{subsection.8.2}% 165
\BOOKMARK [2][-]{subsection.8.3}{\376\377\000D\000i\000s\000t\000r\000i\000b\000u\000t\000e\000d\000\040\000p\000a\000r\000a\000l\000l\000e\000l\000\040\000p\000r\000o\000c\000e\000s\000s\000i\000n\000g\000\040\000a\000n\000d\000\040\000t\000h\000e\000\040\000m\000a\000p\000\040\000r\000e\000d\000u\000c\000e\000\040\000p\000a\000r\000a\000d\000i\000g\000m}{section.8}% 166
\BOOKMARK [3][-]{subsubsection.8.3.1}{\376\377\000D\000i\000s\000t\000r\000i\000b\000u\000t\000e\000d\000\040\000p\000a\000r\000a\000l\000l\000e\000l\000\040\000p\000r\000o\000c\000e\000s\000s\000i\000n\000g}{subsection.8.3}% 167
\BOOKMARK [3][-]{subsubsection.8.3.2}{\376\377\000T\000h\000e\000\040\000M\000a\000p\000R\000e\000d\000u\000c\000e\000\040\000p\000a\000r\000a\000d\000i\000g\000m}{subsection.8.3}% 168
\BOOKMARK [3][-]{subsubsection.8.3.3}{\376\377\000C\000a\000s\000e\000\040\000s\000t\000u\000d\000y}{subsection.8.3}% 169
\BOOKMARK [2][-]{subsection.8.4}{\376\377\000T\000h\000e\000\040\000H\000a\000d\000o\000o\000p\000\040\000e\000c\000o\000s\000y\000s\000t\000e\000m}{section.8}% 170
\BOOKMARK [3][-]{subsubsection.8.4.1}{\376\377\000H\000a\000d\000o\000o\000p}{subsection.8.4}% 171
\BOOKMARK [3][-]{subsubsection.8.4.2}{\376\377\000F\000i\000l\000e\000s\000y\000s\000t\000e\000m\000s\000\040\000a\000n\000d\000\040\000H\000D\000F\000S\000\040\000b\000a\000s\000i\000c\000s}{subsection.8.4}% 172
\BOOKMARK [3][-]{subsubsection.8.4.3}{\376\377\000H\000a\000d\000o\000o\000p\000'\000s\000\040\000e\000x\000e\000c\000u\000t\000i\000o\000n\000\040\000m\000o\000d\000e\000l}{subsection.8.4}% 173
\BOOKMARK [3][-]{subsubsection.8.4.4}{\376\377\000O\000p\000t\000i\000m\000i\000z\000a\000t\000i\000o\000n\000\040\000a\000n\000d\000\040\000r\000e\000f\000i\000n\000e\000m\000e\000n\000t\000s}{subsection.8.4}% 174
\BOOKMARK [3][-]{subsubsection.8.4.5}{\376\377\000Y\000A\000R\000N\000\040\000a\000n\000d\000\040\000s\000c\000h\000e\000d\000u\000l\000i\000n\000g}{subsection.8.4}% 175
\BOOKMARK [3][-]{subsubsection.8.4.6}{\376\377\000H\000i\000v\000e\000,\000\040\000P\000i\000g\000\040\000a\000n\000d\000\040\000S\000q\000o\000o\000p}{subsection.8.4}% 176
\BOOKMARK [3][-]{subsubsection.8.4.7}{\376\377\000S\000u\000m\000m\000a\000r\000y}{subsection.8.4}% 177
\BOOKMARK [2][-]{subsection.8.5}{\376\377\000I\000n\000t\000r\000o\000d\000u\000c\000t\000i\000o\000n\000\040\000t\000o\000\040\000S\000p\000a\000r\000k}{section.8}% 178
\BOOKMARK [2][-]{subsection.8.6}{\376\377\000D\000a\000t\000a\000F\000r\000a\000m\000e\000s\000\040\000i\000n\000\040\000S\000p\000a\000r\000k\000\040\000a\000n\000d\000\040\000S\000p\000a\000r\000k\000-\000H\000a\000d\000o\000o\000p\000\040\000r\000e\000l\000a\000t\000i\000o\000n\000s\000h\000i\000p}{section.8}% 179
\BOOKMARK [3][-]{subsubsection.8.6.1}{\376\377\000R\000e\000c\000a\000p}{subsection.8.6}% 180
\BOOKMARK [3][-]{subsubsection.8.6.2}{\376\377\000D\000a\000t\000a\000F\000r\000a\000m\000e\000s}{subsection.8.6}% 181
\BOOKMARK [3][-]{subsubsection.8.6.3}{\376\377\000D\000a\000t\000a\000s\000e\000t\000s}{subsection.8.6}% 182
\BOOKMARK [3][-]{subsubsection.8.6.4}{\376\377\000S\000p\000a\000r\000k\000-\000H\000a\000d\000o\000o\000p\000\040\000r\000e\000l\000a\000t\000i\000o\000n\000s\000h\000i\000p}{subsection.8.6}% 183
\BOOKMARK [2][-]{subsection.8.7}{\376\377\000S\000p\000a\000r\000k\000\040\000i\000n\000\040\000C\000l\000o\000u\000d\000-\000b\000a\000s\000e\000d\000\040\000c\000o\000m\000p\000u\000t\000a\000t\000i\000o\000n\000a\000l\000\040\000e\000n\000v\000i\000r\000o\000n\000m\000e\000n\000t\000s}{section.8}% 184
\BOOKMARK [3][-]{subsubsection.8.7.1}{\376\377\000D\000a\000t\000a\000b\000r\000i\000c\000k\000s}{subsection.8.7}% 185
\BOOKMARK [3][-]{subsubsection.8.7.2}{\376\377\000A\000W\000S\000\040\000E\000l\000a\000s\000t\000i\000c\000\040\000M\000a\000p\000R\000e\000d\000u\000c\000e\000\040\000\050\000E\000M\000R\000\051}{subsection.8.7}% 186
\BOOKMARK [3][-]{subsubsection.8.7.3}{\376\377\000G\000o\000o\000g\000l\000e\000\040\000C\000l\000o\000u\000d\000\040\000D\000a\000t\000a\000p\000r\000o\000c}{subsection.8.7}% 187
\BOOKMARK [3][-]{subsubsection.8.7.4}{\376\377\000A\000z\000u\000r\000e\000\040\000H\000D\000I\000n\000s\000i\000g\000h\000t}{subsection.8.7}% 188
\BOOKMARK [3][-]{subsubsection.8.7.5}{\376\377\000K\000u\000b\000e\000r\000n\000e\000t\000e\000s}{subsection.8.7}% 189
\BOOKMARK [3][-]{subsubsection.8.7.6}{\376\377\000G\000o\000o\000g\000l\000e\000\040\000C\000o\000l\000a\000b}{subsection.8.7}% 190
\BOOKMARK [3][-]{subsubsection.8.7.7}{\376\377\000L\000i\000g\000h\000t\000n\000i\000n\000g\000\040\000A\000I}{subsection.8.7}% 191
\BOOKMARK [2][-]{subsection.8.8}{\376\377\000P\000e\000r\000f\000o\000r\000m\000a\000n\000c\000e\000\040\000a\000n\000d\000\040\000d\000a\000t\000a\000\040\000e\000n\000g\000i\000n\000e\000e\000r\000i\000n\000g\000\040\000i\000n\000\040\000S\000p\000a\000r\000k}{section.8}% 192
\BOOKMARK [3][-]{subsubsection.8.8.1}{\376\377\000W\000h\000y\000\040\000S\000p\000a\000r\000k\000\040\000j\000o\000b\000s\000\040\000a\000r\000e\000\040\000s\000l\000o\000w}{subsection.8.8}% 193
\BOOKMARK [3][-]{subsubsection.8.8.2}{\376\377\000H\000o\000w\000\040\000S\000p\000a\000r\000k\000\040\000o\000p\000t\000i\000m\000i\000z\000e\000s\000\040\000q\000u\000e\000r\000i\000e\000s}{subsection.8.8}% 194
\BOOKMARK [3][-]{subsubsection.8.8.3}{\376\377\000D\000a\000t\000a\000\040\000e\000n\000g\000i\000n\000e\000e\000r\000i\000n\000g\000\040\000f\000o\000r\000\040\000p\000e\000r\000f\000o\000r\000m\000a\000n\000c\000e}{subsection.8.8}% 195
\BOOKMARK [2][-]{subsection.8.9}{\376\377\000B\000i\000g\000\040\000d\000a\000t\000a\000\040\000s\000t\000o\000r\000a\000g\000e\000\040\000t\000e\000c\000h\000n\000o\000l\000o\000g\000i\000e\000s\000\040\000a\000n\000d\000\040\000r\000e\000l\000a\000t\000i\000o\000n\000\040\000w\000i\000t\000h\000\040\000S\000p\000a\000r\000k}{section.8}% 196
\BOOKMARK [3][-]{subsubsection.8.9.1}{\376\377\000I\000n\000t\000r\000o\000\040\000t\000o\000\040\000b\000i\000g\000\040\000d\000a\000t\000a\000\040\000s\000t\000o\000r\000a\000g\000e}{subsection.8.9}% 197
\BOOKMARK [3][-]{subsubsection.8.9.2}{\376\377\000K\000e\000y\000-\000v\000a\000l\000u\000e\000\040\000D\000B}{subsection.8.9}% 198
\BOOKMARK [3][-]{subsubsection.8.9.3}{\376\377\000D\000o\000c\000u\000m\000e\000n\000t\000\040\000D\000B\000\040\000-\000\040\000M\000o\000n\000g\000o\000D\000B\000\040\000f\000o\000c\000u\000s}{subsection.8.9}% 199
\BOOKMARK [3][-]{subsubsection.8.9.4}{\376\377\000W\000i\000d\000e\000\040\000c\000o\000l\000u\000m\000n\000\040\000D\000B}{subsection.8.9}% 200
\BOOKMARK [3][-]{subsubsection.8.9.5}{\376\377\000G\000r\000a\000p\000h\000\040\000D\000B}{subsection.8.9}% 201
\BOOKMARK [3][-]{subsubsection.8.9.6}{\376\377\000O\000t\000h\000e\000r\000\040\000D\000B\000\040\000t\000y\000p\000e\000s}{subsection.8.9}% 202
\BOOKMARK [2][-]{subsection.8.10}{\376\377\000M\000a\000c\000h\000i\000n\000e\000\040\000L\000e\000a\000r\000n\000i\000n\000g\000\040\000i\000n\000\040\000S\000p\000a\000r\000k}{section.8}% 203
\BOOKMARK [3][-]{subsubsection.8.10.1}{\376\377\000I\000n\000t\000r\000o\000d\000u\000c\000t\000i\000o\000n}{subsection.8.10}% 204
\BOOKMARK [3][-]{subsubsection.8.10.2}{\376\377\000S\000p\000a\000r\000k\000\040\000M\000L\000l\000i\000b\000\040\000c\000o\000n\000c\000e\000p\000t\000s}{subsection.8.10}% 205
\BOOKMARK [3][-]{subsubsection.8.10.3}{\376\377\000A\000l\000g\000o\000r\000i\000t\000h\000m\000s}{subsection.8.10}% 206
\BOOKMARK [3][-]{subsubsection.8.10.4}{\376\377\000E\000v\000a\000l\000u\000a\000t\000i\000o\000n}{subsection.8.10}% 207
\BOOKMARK [3][-]{subsubsection.8.10.5}{\376\377\000A\000d\000v\000a\000n\000c\000e\000d\000\040\000T\000o\000p\000i\000c\000s}{subsection.8.10}% 208
\BOOKMARK [2][-]{subsection.8.11}{\376\377\000P\000i\000p\000e\000l\000i\000n\000e\000s\000\040\000i\000n\000\040\000S\000p\000a\000r\000k}{section.8}% 209
\BOOKMARK [3][-]{subsubsection.8.11.1}{\376\377\000I\000n\000t\000r\000o\000d\000u\000c\000t\000i\000o\000n}{subsection.8.11}% 210
\BOOKMARK [3][-]{subsubsection.8.11.2}{\376\377\000S\000p\000a\000r\000k\000\040\000p\000i\000p\000e\000l\000i\000n\000e\000\040\000A\000P\000I}{subsection.8.11}% 211
\BOOKMARK [3][-]{subsubsection.8.11.3}{\376\377\000F\000e\000a\000t\000u\000r\000e\000\040\000e\000n\000g\000i\000n\000e\000e\000r\000i\000n\000g\000\040\000p\000i\000p\000e\000l\000i\000n\000e\000s}{subsection.8.11}% 212
\BOOKMARK [3][-]{subsubsection.8.11.4}{\376\377\000M\000o\000d\000e\000l\000\040\000t\000r\000a\000i\000n\000i\000n\000g\000\040\000a\000n\000d\000\040\000e\000v\000a\000l\000u\000a\000t\000i\000o\000n}{subsection.8.11}% 213
\BOOKMARK [3][-]{subsubsection.8.11.5}{\376\377\000H\000y\000p\000e\000r\000p\000a\000r\000a\000m\000e\000t\000e\000r\000\040\000t\000u\000n\000i\000n\000g}{subsection.8.11}% 214
\BOOKMARK [3][-]{subsubsection.8.11.6}{\376\377\000A\000d\000v\000a\000n\000c\000e\000d\000\040\000P\000i\000p\000e\000l\000i\000n\000e\000s}{subsection.8.11}% 215
\BOOKMARK [2][-]{subsection.8.12}{\376\377\000G\000r\000a\000p\000h\000\040\000A\000n\000a\000l\000y\000t\000i\000c\000s}{section.8}% 216
\BOOKMARK [3][-]{subsubsection.8.12.1}{\376\377\000I\000n\000t\000r\000o\000d\000u\000c\000t\000i\000o\000n}{subsection.8.12}% 217
\BOOKMARK [3][-]{subsubsection.8.12.2}{\376\377\000S\000p\000a\000r\000k\000\040\000G\000r\000a\000p\000h\000X}{subsection.8.12}% 218
\BOOKMARK [3][-]{subsubsection.8.12.3}{\376\377\000G\000r\000a\000p\000h\000F\000r\000a\000m\000e\000s}{subsection.8.12}% 219
\BOOKMARK [3][-]{subsubsection.8.12.4}{\376\377\000A\000d\000v\000a\000n\000c\000e\000d\000\040\000t\000o\000p\000i\000c\000s}{subsection.8.12}% 220
\BOOKMARK [3][-]{subsubsection.8.12.5}{\376\377\000A\000l\000g\000o\000r\000i\000t\000h\000m\000s\000\040\000i\000n\000\040\000d\000e\000t\000a\000i\000l\000s}{subsection.8.12}% 221
\BOOKMARK [2][-]{subsection.8.13}{\376\377\000S\000t\000r\000e\000a\000m\000i\000n\000g}{section.8}% 222
\BOOKMARK [3][-]{subsubsection.8.13.1}{\376\377\000I\000n\000t\000r\000o\000d\000u\000c\000t\000i\000o\000n}{subsection.8.13}% 223
\BOOKMARK [3][-]{subsubsection.8.13.2}{\376\377\000S\000t\000r\000u\000c\000t\000u\000r\000e\000d\000\040\000s\000t\000r\000e\000a\000m\000i\000n\000g\000\040\000o\000v\000e\000r\000v\000i\000e\000w}{subsection.8.13}% 224
\BOOKMARK [3][-]{subsubsection.8.13.3}{\376\377\000S\000t\000r\000e\000a\000m\000i\000n\000g\000\040\000c\000o\000n\000c\000e\000p\000t\000s}{subsection.8.13}% 225
\BOOKMARK [3][-]{subsubsection.8.13.4}{\376\377\000S\000p\000a\000r\000k\000\040\000s\000t\000r\000u\000c\000t\000u\000r\000e\000d\000\040\000s\000t\000r\000e\000a\000m\000i\000n\000g\000\040\000A\000P\000I}{subsection.8.13}% 226
\BOOKMARK [3][-]{subsubsection.8.13.5}{\376\377\000A\000d\000v\000a\000n\000c\000e\000d\000\040\000s\000t\000r\000e\000a\000m\000i\000n\000g}{subsection.8.13}% 227
\BOOKMARK [3][-]{subsubsection.8.13.6}{\376\377\000C\000h\000a\000l\000l\000e\000n\000g\000e\000s\000\040\000a\000n\000d\000\040\000b\000e\000s\000t\000\040\000p\000r\000a\000c\000t\000i\000c\000e\000s}{subsection.8.13}% 228
\BOOKMARK [3][-]{subsubsection.8.13.7}{\376\377\000D\000e\000e\000p\000\040\000d\000i\000v\000e\000s}{subsection.8.13}% 229
\BOOKMARK [2][-]{subsection.8.14}{\376\377\000T\000h\000e\000\040\000f\000u\000t\000u\000r\000e\000\040\000o\000f\000\040\000B\000i\000g\000\040\000D\000a\000t\000a}{section.8}% 230
\BOOKMARK [3][-]{subsubsection.8.14.1}{\376\377\000I\000n\000t\000r\000o}{subsection.8.14}% 231
\BOOKMARK [3][-]{subsubsection.8.14.2}{\376\377\000C\000u\000r\000r\000e\000n\000t\000\040\000l\000i\000m\000i\000t\000a\000t\000i\000o\000n\000s\000\040\000o\000f\000\040\000B\000i\000g\000\040\000D\000a\000t\000a}{subsection.8.14}% 232
\BOOKMARK [3][-]{subsubsection.8.14.3}{\376\377\000E\000m\000e\000r\000g\000i\000n\000g\000\040\000t\000r\000e\000n\000d\000s}{subsection.8.14}% 233
\BOOKMARK [3][-]{subsubsection.8.14.4}{\376\377\000A\000I\000\040\000a\000n\000d\000\040\000B\000i\000g\000\040\000D\000a\000t\000a\000\040\000i\000n\000t\000e\000g\000r\000a\000t\000i\000o\000n}{subsection.8.14}% 234
\BOOKMARK [3][-]{subsubsection.8.14.5}{\376\377\000P\000r\000i\000v\000a\000c\000y\000,\000\040\000e\000t\000h\000i\000c\000s\000\040\000a\000n\000d\000\040\000r\000e\000g\000u\000l\000a\000t\000i\000o\000n}{subsection.8.14}% 235
\BOOKMARK [3][-]{subsubsection.8.14.6}{\376\377\000S\000e\000m\000a\000n\000t\000i\000c\000\040\000d\000a\000t\000a\000\040\000a\000n\000d\000\040\000i\000n\000t\000e\000r\000o\000p\000e\000r\000a\000b\000i\000l\000i\000t\000y}{subsection.8.14}% 236
\BOOKMARK [3][-]{subsubsection.8.14.7}{\376\377\000M\000L\000O\000p\000s\000,\000\040\000D\000a\000t\000a\000O\000p\000s\000,\000\040\000a\000n\000d\000\040\000A\000I\000O\000p\000s\000\040\000c\000o\000n\000v\000e\000r\000g\000e\000n\000c\000e}{subsection.8.14}% 237
\BOOKMARK [3][-]{subsubsection.8.14.8}{\376\377\000R\000e\000s\000e\000a\000r\000c\000h\000\040\000a\000n\000d\000\040\000o\000p\000e\000n\000\040\000c\000h\000a\000l\000l\000e\000n\000g\000e\000s}{subsection.8.14}% 238
\BOOKMARK [1][-]{section.9}{\376\377\000N\000e\000u\000r\000a\000l\000\040\000a\000n\000d\000\040\000e\000v\000o\000l\000u\000t\000i\000o\000n\000a\000r\000y\000\040\000l\000e\000a\000r\000n\000i\000n\000g}{}% 239
\BOOKMARK [2][-]{subsection.9.1}{\376\377\000M\000a\000c\000h\000i\000n\000e\000\040\000l\000e\000a\000r\000n\000i\000n\000g\000\040\000r\000e\000v\000i\000e\000w}{section.9}% 240
\BOOKMARK [3][-]{subsubsection.9.1.1}{\376\377\000P\000e\000r\000f\000o\000r\000m\000a\000n\000c\000e\000\040\000m\000e\000a\000s\000u\000r\000e\000s\000\040\000f\000o\000r\000\040\000r\000e\000g\000r\000e\000s\000s\000i\000o\000n}{subsection.9.1}% 241
\BOOKMARK [3][-]{subsubsection.9.1.2}{\376\377\000P\000e\000r\000f\000o\000r\000m\000a\000n\000c\000e\000\040\000m\000e\000a\000s\000u\000r\000e\000s\000\040\000f\000o\000r\000\040\000c\000l\000a\000s\000s\000i\000f\000i\000c\000a\000t\000i\000o\000n}{subsection.9.1}% 242
\BOOKMARK [3][-]{subsubsection.9.1.3}{\376\377\000F\000e\000a\000t\000u\000r\000e\000s}{subsection.9.1}% 243
\BOOKMARK [3][-]{subsubsection.9.1.4}{\376\377\000E\000x\000p\000e\000r\000i\000m\000e\000n\000t\000a\000l\000\040\000M\000L\000\040\000s\000t\000u\000d\000y}{subsection.9.1}% 244
\BOOKMARK [2][-]{subsection.9.2}{\376\377\000G\000e\000n\000e\000t\000i\000c\000\040\000p\000r\000o\000g\000r\000a\000m\000m\000i\000n\000g}{section.9}% 245
\BOOKMARK [3][-]{subsubsection.9.2.1}{\376\377\000E\000v\000o\000l\000u\000t\000i\000o\000n\000a\000r\000y\000\040\000a\000l\000g\000o\000r\000i\000t\000h\000m\000s}{subsection.9.2}% 246
\BOOKMARK [3][-]{subsubsection.9.2.2}{\376\377\000S\000y\000m\000b\000o\000l\000i\000c\000\040\000r\000e\000g\000r\000e\000s\000s\000i\000o\000n}{subsection.9.2}% 247
\BOOKMARK [3][-]{subsubsection.9.2.3}{\376\377\000W\000h\000y\000\040\000d\000o\000\040\000e\000v\000o\000l\000u\000t\000i\000o\000n\000a\000r\000y\000\040\000a\000l\000g\000o\000r\000i\000t\000h\000m\000s\000\040\000w\000o\000r\000k\000?}{subsection.9.2}% 248
\BOOKMARK [3][-]{subsubsection.9.2.4}{\376\377\000P\000e\000c\000u\000l\000i\000a\000r\000i\000t\000i\000e\000s\000\040\000o\000f\000\040\000g\000e\000n\000e\000t\000i\000c\000\040\000p\000r\000o\000g\000r\000a\000m\000m\000i\000n\000g}{subsection.9.2}% 249
\BOOKMARK [3][-]{subsubsection.9.2.5}{\376\377\000W\000e\000a\000k\000\040\000p\000o\000i\000n\000t\000s\000\040\000o\000f\000\040\000g\000e\000n\000e\000t\000i\000c\000\040\000p\000r\000o\000g\000r\000a\000m\000m\000i\000n\000g}{subsection.9.2}% 250
\BOOKMARK [2][-]{subsection.9.3}{\376\377\000G\000e\000o\000m\000e\000t\000r\000i\000c\000\040\000s\000e\000m\000a\000n\000t\000i\000c\000\040\000g\000e\000n\000e\000t\000i\000c\000\040\000p\000r\000o\000g\000r\000a\000m\000m\000i\000n\000g}{section.9}% 251
\BOOKMARK [3][-]{subsubsection.9.3.1}{\376\377\000O\000p\000t\000i\000m\000i\000z\000a\000t\000i\000o\000n\000\040\000p\000r\000o\000b\000l\000e\000m\000s}{subsection.9.3}% 252
\BOOKMARK [3][-]{subsubsection.9.3.2}{\376\377\000F\000i\000t\000n\000e\000s\000s\000\040\000L\000a\000n\000d\000s\000c\000a\000p\000e\000s}{subsection.9.3}% 253
\BOOKMARK [3][-]{subsubsection.9.3.3}{\376\377\000G\000e\000n\000e\000t\000i\000c\000\040\000a\000l\000g\000o\000r\000i\000t\000h\000m\000s}{subsection.9.3}% 254
\BOOKMARK [3][-]{subsubsection.9.3.4}{\376\377\000G\000e\000n\000e\000t\000i\000c\000\040\000p\000r\000o\000g\000r\000a\000m\000m\000i\000n\000g}{subsection.9.3}% 255
\BOOKMARK [3][-]{subsubsection.9.3.5}{\376\377\000I\000m\000p\000l\000e\000m\000e\000n\000t\000a\000t\000i\000o\000n\000\040\000o\000f\000\040\000g\000e\000o\000m\000e\000t\000r\000i\000c\000\040\000s\000e\000m\000a\000n\000t\000i\000c\000\040\000o\000p\000e\000r\000a\000t\000o\000r\000s}{subsection.9.3}% 256
\BOOKMARK [3][-]{subsubsection.9.3.6}{\376\377\000D\000i\000s\000c\000u\000s\000s\000i\000o\000n}{subsection.9.3}% 257
\BOOKMARK [3][-]{subsubsection.9.3.7}{\376\377\000O\000p\000e\000n\000\040\000i\000s\000s\000u\000e\000s}{subsection.9.3}% 258
\BOOKMARK [2][-]{subsection.9.4}{\376\377\000S\000e\000m\000a\000n\000t\000i\000c\000\040\000L\000e\000a\000r\000n\000i\000n\000g\000\040\000a\000l\000g\000o\000r\000i\000t\000h\000m\000\040\000b\000a\000s\000e\000d\000\040\000o\000n\000\040\000i\000n\000f\000l\000a\000t\000e\000\040\000a\000n\000d\000\040\000d\000e\000f\000l\000a\000t\000e\000\040\000m\000u\000t\000a\000t\000i\000o\000n\000s}{section.9}% 259
\BOOKMARK [2][-]{subsection.9.5}{\376\377\000N\000e\000u\000r\000a\000l\000\040\000n\000e\000t\000w\000o\000r\000k\000s}{section.9}% 260
\BOOKMARK [3][-]{subsubsection.9.5.1}{\376\377\000I\000n\000t\000r\000o\000d\000u\000c\000t\000i\000o\000n}{subsection.9.5}% 261
\BOOKMARK [3][-]{subsubsection.9.5.2}{\376\377\000P\000e\000r\000c\000e\000p\000t\000r\000o\000n}{subsection.9.5}% 262
\BOOKMARK [3][-]{subsubsection.9.5.3}{\376\377\000A\000D\000A\000L\000I\000N\000E}{subsection.9.5}% 263
\BOOKMARK [3][-]{subsubsection.9.5.4}{\376\377\000N\000o\000n\000-\000l\000i\000n\000e\000a\000r\000l\000y\000\040\000s\000e\000p\000a\000r\000a\000b\000l\000e\000\040\000p\000r\000o\000b\000l\000e\000m\000s}{subsection.9.5}% 264
\BOOKMARK [3][-]{subsubsection.9.5.5}{\376\377\000B\000a\000c\000k\000p\000r\000o\000p\000a\000g\000a\000t\000i\000o\000n}{subsection.9.5}% 265
\BOOKMARK [3][-]{subsubsection.9.5.6}{\376\377\000C\000y\000c\000l\000i\000c\000\040\000\050\000o\000r\000\040\000R\000e\000c\000u\000r\000s\000i\000v\000e\000\051\000\040\000N\000e\000u\000r\000a\000l\000\040\000n\000e\000t\000w\000o\000r\000k\000s}{subsection.9.5}% 266
\BOOKMARK [2][-]{subsection.9.6}{\376\377\000N\000e\000u\000r\000o\000e\000v\000o\000l\000u\000t\000i\000o\000n\000\040\000a\000n\000d\000\040\000N\000E\000A\000T}{section.9}% 267
\BOOKMARK [3][-]{subsubsection.9.6.1}{\376\377\000N\000E\000A\000T}{subsection.9.6}% 268
\BOOKMARK [3][-]{subsubsection.9.6.2}{\376\377\000M\000u\000t\000a\000t\000i\000o\000n\000s}{subsection.9.6}% 269
\BOOKMARK [3][-]{subsubsection.9.6.3}{\376\377\000C\000r\000o\000s\000s\000o\000v\000e\000r}{subsection.9.6}% 270
\BOOKMARK [3][-]{subsubsection.9.6.4}{\376\377\000M\000a\000i\000n\000t\000a\000i\000n\000i\000n\000g\000\040\000d\000i\000v\000e\000r\000s\000i\000t\000y\000\040\000i\000n\000\040\000t\000h\000e\000\040\000p\000o\000p\000u\000l\000a\000t\000i\000o\000n}{subsection.9.6}% 271
\BOOKMARK [3][-]{subsubsection.9.6.5}{\376\377\000N\000E\000A\000T\000\040\000S\000p\000e\000c\000i\000a\000t\000i\000o\000n}{subsection.9.6}% 272
\BOOKMARK [1][-]{section.10}{\376\377\000T\000e\000x\000t\000\040\000m\000i\000n\000i\000n\000g}{}% 273
\BOOKMARK [2][-]{subsection.10.1}{\376\377\000I\000n\000t\000r\000o\000d\000u\000c\000t\000i\000o\000n\000\040\000t\000o\000\040\000T\000e\000x\000t\000\040\000m\000i\000n\000i\000n\000g}{section.10}% 274
\BOOKMARK [3][-]{subsubsection.10.1.1}{\376\377\000I\000n\000t\000r\000o\000d\000u\000c\000t\000i\000o\000n\000\040\000t\000o\000\040\000N\000L\000P}{subsection.10.1}% 275
\BOOKMARK [3][-]{subsubsection.10.1.2}{\376\377\000C\000h\000a\000l\000l\000e\000n\000g\000e\000s\000\040\000o\000f\000\040\000n\000a\000t\000u\000r\000a\000l\000\040\000l\000a\000n\000g\000u\000a\000g\000e}{subsection.10.1}% 276
\BOOKMARK [3][-]{subsubsection.10.1.3}{\376\377\000T\000h\000e\000\040\000N\000L\000P\000\040\000p\000i\000p\000e\000l\000i\000n\000e}{subsection.10.1}% 277
\BOOKMARK [3][-]{subsubsection.10.1.4}{\376\377\000T\000e\000x\000t\000\040\000p\000r\000e\000p\000r\000o\000c\000e\000s\000s\000i\000n\000g\000\040\000m\000e\000t\000h\000o\000d\000s}{subsection.10.1}% 278
\BOOKMARK [2][-]{subsection.10.2}{\376\377\000W\000o\000r\000d\000\040\000r\000e\000p\000r\000e\000s\000e\000n\000t\000a\000t\000i\000o\000n\000s}{section.10}% 279
\BOOKMARK [3][-]{subsubsection.10.2.1}{\376\377\000C\000l\000a\000s\000s\000i\000f\000i\000c\000a\000t\000i\000o\000n\000\040\000w\000i\000t\000h\000\040\000B\000o\000W}{subsection.10.2}% 280
\BOOKMARK [3][-]{subsubsection.10.2.2}{\376\377\000W\000o\000r\000d\000\040\000r\000e\000p\000r\000e\000s\000e\000n\000t\000a\000t\000i\000o\000n\000s}{subsection.10.2}% 281
\BOOKMARK [3][-]{subsubsection.10.2.3}{\376\377\000V\000e\000c\000t\000o\000r\000\040\000e\000m\000b\000e\000d\000d\000i\000n\000g\000s\000\040\000\050\000W\000o\000r\000d\0002\000V\000e\000c\000\051}{subsection.10.2}% 282
\BOOKMARK [3][-]{subsubsection.10.2.4}{\376\377\000C\000l\000a\000s\000s\000i\000f\000i\000c\000a\000t\000i\000o\000n\000\040\000w\000i\000t\000h\000\040\000W\000o\000r\000d\0002\000V\000e\000c}{subsection.10.2}% 283
\BOOKMARK [2][-]{subsection.10.3}{\376\377\000S\000e\000q\000u\000e\000n\000t\000i\000a\000l\000\040\000m\000o\000d\000e\000l\000s}{section.10}% 284
\BOOKMARK [3][-]{subsubsection.10.3.1}{\376\377\000R\000e\000v\000i\000e\000w\000\040\000o\000f\000\040\000w\000o\000r\000d\000\040\000e\000m\000b\000e\000d\000d\000i\000n\000g\000s}{subsection.10.3}% 285
\BOOKMARK [3][-]{subsubsection.10.3.2}{\376\377\000R\000N\000N\000s}{subsection.10.3}% 286
\BOOKMARK [3][-]{subsubsection.10.3.3}{\376\377\000L\000S\000T\000M\000s}{subsection.10.3}% 287
\BOOKMARK [3][-]{subsubsection.10.3.4}{\376\377\000S\000e\000q\000-\000t\000o\000-\000s\000e\000q\000\040\000m\000o\000d\000e\000l\000s}{subsection.10.3}% 288
\BOOKMARK [2][-]{subsection.10.4}{\376\377\000A\000t\000t\000e\000n\000t\000i\000o\000n\000\040\000a\000n\000d\000\040\000t\000r\000a\000n\000s\000f\000o\000r\000m\000e\000r\000s}{section.10}% 289
\BOOKMARK [3][-]{subsubsection.10.4.1}{\376\377\000A\000t\000t\000e\000n\000t\000i\000o\000n\000\040\000m\000e\000c\000h\000a\000n\000i\000s\000m\000s}{subsection.10.4}% 290
\BOOKMARK [3][-]{subsubsection.10.4.2}{\376\377\000T\000r\000a\000n\000s\000f\000o\000r\000m\000e\000r\000\040\000a\000r\000c\000h\000i\000t\000e\000c\000t\000u\000r\000e}{subsection.10.4}% 291
\BOOKMARK [3][-]{subsubsection.10.4.3}{\376\377\000T\000r\000a\000n\000s\000f\000o\000r\000m\000e\000r\000\040\000e\000n\000c\000o\000d\000e\000r\000s}{subsection.10.4}% 292
\BOOKMARK [2][-]{subsection.10.5}{\376\377\000L\000L\000M\000s}{section.10}% 293
\BOOKMARK [3][-]{subsubsection.10.5.1}{\376\377\000C\000l\000a\000s\000s\000i\000f\000i\000c\000a\000t\000i\000o\000n\000\040\000w\000i\000t\000h\000\040\000e\000n\000c\000o\000d\000e\000r\000s}{subsection.10.5}% 294
\BOOKMARK [3][-]{subsubsection.10.5.2}{\376\377\000S\000e\000l\000f\000-\000a\000t\000t\000e\000n\000t\000i\000o\000n}{subsection.10.5}% 295
\BOOKMARK [3][-]{subsubsection.10.5.3}{\376\377\000D\000e\000e\000p\000e\000r\000\040\000i\000n\000t\000o\000\040\000t\000h\000e\000\040\000e\000n\000c\000o\000d\000e\000r\000\040\000b\000l\000o\000c\000k}{subsection.10.5}% 296
\BOOKMARK [3][-]{subsubsection.10.5.4}{\376\377\000T\000h\000e\000\040\000a\000r\000c\000h\000i\000t\000e\000c\000t\000u\000r\000e\000\040\000o\000f\000\040\000d\000e\000c\000o\000d\000e\000r\000s}{subsection.10.5}% 297
\BOOKMARK [3][-]{subsubsection.10.5.5}{\376\377\000G\000e\000n\000e\000r\000a\000t\000i\000v\000e\000\040\000A\000I\000\040\000m\000o\000d\000e\000l\000s}{subsection.10.5}% 298
\BOOKMARK [3][-]{subsubsection.10.5.6}{\376\377\000M\000o\000d\000e\000l\000\040\000C\000o\000n\000f\000i\000g\000u\000r\000a\000t\000i\000o\000n}{subsection.10.5}% 299
\BOOKMARK [3][-]{subsubsection.10.5.7}{\376\377\000R\000e\000t\000r\000i\000e\000v\000a\000l\000\040\000A\000u\000g\000m\000e\000n\000t\000e\000d\000\040\000G\000e\000n\000e\000r\000a\000t\000i\000o\000n\000\040\000\050\000R\000A\000G\000\051}{subsection.10.5}% 300
\BOOKMARK [3][-]{subsubsection.10.5.8}{\376\377\000A\000g\000e\000n\000t\000i\000c\000\040\000A\000I}{subsection.10.5}% 301
